
> mon-coach@0.1.0 build
> next build

   Ôû▓ Next.js 16.0.7 (Turbopack)
   - Environments: .env.local

   Creating an optimized production build ...
 Ô£ô Compiled successfully in 23.6s
   Running TypeScript ...
   Collecting page data using 5 workers ...
node.exe : The 
default export of 
@sanity/image-url has 
been deprecated. Use 
the named export `crea
teImageUrlBuilder` 
instead.
Au caractère Ligne:1 
: 1
+ & "C:\Program Files\
nodejs/node.exe" "C:\U
sers\33623\AppData\Roa
ming\ ...
+ ~~~~~~~~~~~~~~~~~~~~
~~~~~~~~~~~~~~~~~~~~~~
~~~~~~~~~~~~~~~~~~~~~~
~~~~~
    + CategoryInfo    
          : NotSpeci  
  fied: (The defaul   
 t exp...ilder` in    
stead.:String) []    
, RemoteException
    + FullyQualifiedE 
   rrorId : NativeCo  
  mmandError
 
The default export of 
@sanity/image-url has 
been deprecated. Use 
the named export `crea
teImageUrlBuilder` 
instead.
The default export of 
@sanity/image-url has 
been deprecated. Use 
the named export `crea
teImageUrlBuilder` 
instead.
The default export of 
@sanity/image-url has 
been deprecated. Use 
the named export `crea
teImageUrlBuilder` 
instead.
   Generating static pages using 5 workers (0/15) ...
The default export of 
@sanity/image-url has 
been deprecated. Use 
the named export `crea
teImageUrlBuilder` 
instead.
   Generating static pages using 5 workers (3/15) 
Error occurred 
prerendering page 
"/aventures". Read 
more: https://nextjs.o
rg/docs/messages/prere
nder-error
Error: GROQ query 
parse error:
  15 |             }
  16 |         }
> 17 |         }
     |        ^ 
unable to parse 
entire expression
  18 |     
    at onResponse (C:\
Users\33623\Desktop\mo
n-coach\.next\server\c
hunks\ssr\_3a4f5491._.
js:10:919)
    at f (C:\Users\336
23\Desktop\mon-coach\.
next\server\chunks\ssr
\_3a4f5491._.js:10:138
2)
    at <unknown> (C:\U
sers\33623\Desktop\mon
-coach\.next\server\ch
unks\ssr\_3a4f5491._.j
s:10:1581)
    at <unknown> (C:\U
sers\33623\Desktop\mon
-coach\.next\server\ch
unks\ssr\_3a4f5491._.j
s:10:1690)
    at <unknown> (C:\U
sers\33623\Desktop\mon
-coach\.next\server\ch
unks\ssr\_3a4f5491._.j
s:2:1405)
    at 
g.onreadystatechange (
C:\Users\33623\Desktop
\mon-coach\.next\serve
r\chunks\ssr\_3a4f5491
._.js:2:1608)
    at <unknown> (C:\U
sers\33623\Desktop\mon
-coach\.next\server\ch
unks\ssr\_3a4f5491._.j
s:2:237) {
  response: [Object],
  statusCode: 400,
  responseBody: '{\n' 
+
    '  "error": {\n' +
    '    
"description": 
"unable to parse 
entire 
expression",\n' +
    '    "end": 
509,\n' +
    '    "query": 
"\\n        *[_type 
== \\"activity\\"] | 
order(_createdAt 
desc) {\\n            
title,\\n            
\\"slug\\": 
slug.current,\\n      
      format,\\n      
      // Fetch prices 
of upcoming events to 
determine \\"from\\" 
price\\n            
\\"upcomingEvents\\": 
*[_type == 
\\"event\\" && 
activity._ref == 
^._id && date >= 
now()] {\\n           
     price,\\n        
        duration,\\n  
              
difficulty->{\\n      
              
title,\\n             
       level,\\n      
              
color\\n              
  }\\n            
}\\n        }\\n      
  }\\n    ",\n' +
    '    "start": 
509,\n' +
    '    "type": 
"queryParseError"\n' +
    '  }\n' +
    '}',
  details: [Object],
  digest: '1634859475'
}
Export encountered an 
error on 
/aventures/page: 
/aventures, exiting 
the build.
 Ô¿» Next.js build 
worker exited with 
code: 1 and signal: 
null
